// Jest Snapshot v1, https://goo.gl/fbAQLP

exports[`renders homepage unchanged 1`] = `
<div>
  <div
    class="flex flex-col items-center gap-4"
  >
    <div
      class="flex w-full flex-col items-center gap-2"
    >
      <div
        class="flex w-full flex-col items-center p-4 pb-0"
      >
        <h2
          class="items- flex gap-2 text-2xl font-bold text-black dark:text-white-softer"
        >
          Welcome!
        </h2>
        <h3
          class="text-black dark:text-white-softer"
        >
          Hello,
           
          <span
            class="text-blue-600 dark:text-discord"
          />
        </h3>
      </div>
      <div
        class="flex w-full items-center justify-center gap-4 px-4 pb-2"
      >
        <a
          href="/home"
        >
          <button
            class="dark:hover:bg-discord-dark w-full rounded-lg bg-blue-600 px-5 py-2.5 text-center text-sm font-medium text-white transition-all hover:bg-blue-700 focus:outline-none focus:ring-4 focus:ring-blue-300 dark:bg-discord dark:focus:ring-blue-800 sm:w-auto"
          >
            Home
          </button>
        </a>
        <a
          href="/dashboard"
        >
          <button
            class="dark:hover:bg-discord-dark w-full rounded-lg bg-blue-600 px-5 py-2.5 text-center text-sm font-medium text-white transition-all hover:bg-blue-700 focus:outline-none focus:ring-4 focus:ring-blue-300 dark:bg-discord dark:focus:ring-blue-800 sm:w-auto"
          >
            Dashboard
          </button>
        </a>
      </div>
      <div
        class="flex w-full flex-col gap-4 rounded-b-lg bg-white-soft p-4 dark:bg-black-softest"
      >
        <button
          class="dark:hover:bg-discord-dark w-full rounded-lg bg-blue-600 px-5 py-2.5 text-center text-sm font-medium text-white transition-all hover:bg-blue-700 focus:outline-none focus:ring-4 focus:ring-blue-300 dark:bg-discord dark:focus:ring-blue-800 sm:w-auto"
        >
          Sign out
        </button>
      </div>
    </div>
  </div>
</div>
`;

exports[`renders index page unchanged 1`] = `
<div>
  <div
    class="flex flex-col items-center gap-4"
  >
    <div
      class="flex w-full flex-col items-center gap-2"
    >
      <div
        class="flex w-full flex-col items-center p-4 pb-0"
      >
        <h2
          class="items- flex gap-2 text-2xl font-bold text-black dark:text-white-softer"
        >
          Welcome!
        </h2>
        <h3
          class="text-black dark:text-white-softer"
        >
          Hello,
           
          <span
            class="text-blue-600 dark:text-discord"
          />
        </h3>
      </div>
      <div
        class="flex w-full items-center justify-center gap-4 px-4 pb-2"
      >
        <a
          href="/home"
        >
          <button
            class="dark:hover:bg-discord-dark w-full rounded-lg bg-blue-600 px-5 py-2.5 text-center text-sm font-medium text-white transition-all hover:bg-blue-700 focus:outline-none focus:ring-4 focus:ring-blue-300 dark:bg-discord dark:focus:ring-blue-800 sm:w-auto"
          >
            Home
          </button>
        </a>
        <a
          href="/dashboard"
        >
          <button
            class="dark:hover:bg-discord-dark w-full rounded-lg bg-blue-600 px-5 py-2.5 text-center text-sm font-medium text-white transition-all hover:bg-blue-700 focus:outline-none focus:ring-4 focus:ring-blue-300 dark:bg-discord dark:focus:ring-blue-800 sm:w-auto"
          >
            Dashboard
          </button>
        </a>
      </div>
      <div
        class="flex w-full flex-col gap-4 rounded-b-lg bg-white-soft p-4 dark:bg-black-softest"
      >
        <button
          class="dark:hover:bg-discord-dark w-full rounded-lg bg-blue-600 px-5 py-2.5 text-center text-sm font-medium text-white transition-all hover:bg-blue-700 focus:outline-none focus:ring-4 focus:ring-blue-300 dark:bg-discord dark:focus:ring-blue-800 sm:w-auto"
        >
          Sign out
        </button>
      </div>
    </div>
  </div>
</div>
`;
